[INFO] Scanning for projects...
[INFO] 
[INFO] ------------------------< com.hms:auth-service >------------------------
[INFO] Building auth-service 0.0.1-SNAPSHOT
[INFO]   from pom.xml
[INFO] --------------------------------[ jar ]---------------------------------
[INFO] 
[INFO] >>> spring-boot:3.5.0:run (default-cli) > test-compile @ auth-service >>>
[INFO] 
[INFO] --- resources:3.3.1:resources (default-resources) @ auth-service ---
[INFO] Copying 2 resources from src\main\resources to target\classes
[INFO] Copying 0 resource from src\main\resources to target\classes
[INFO] 
[INFO] --- compiler:3.14.0:compile (default-compile) @ auth-service ---
[INFO] Nothing to compile - all classes are up to date.
[INFO] 
[INFO] --- resources:3.3.1:testResources (default-testResources) @ auth-service ---
[INFO] skip non existing resourceDirectory D:\Projects\Healix HMS\auth-service\src\test\resources
[INFO] 
[INFO] --- compiler:3.14.0:testCompile (default-testCompile) @ auth-service ---
[INFO] No sources to compile
[INFO] 
[INFO] <<< spring-boot:3.5.0:run (default-cli) < test-compile @ auth-service <<<
[INFO] 
[INFO] 
[INFO] --- spring-boot:3.5.0:run (default-cli) @ auth-service ---
[INFO] Attaching agents: []

  .   ____          _            __ _ _
 /\\ / ___'_ __ _ _(_)_ __  __ _ \ \ \ \
( ( )\___ | '_ | '_| | '_ \/ _` | \ \ \ \
 \\/  ___)| |_)| | | | | || (_| |  ) ) ) )
  '  |____| .__|_| |_|_| |_\__, | / / / /
 =========|_|==============|___/=/_/_/_/

 :: Spring Boot ::                (v3.5.0)

2026-05-15T21:20:20.988+05:30  INFO 14704 --- [auth-service] [           main] com.hms.auth.AuthServiceApplication      : Starting AuthServiceApplication using Java 17.0.19 with PID 14704 (D:\Projects\Healix HMS\auth-service\target\classes started by zchin in D:\Projects\Healix HMS\auth-service)
2026-05-15T21:20:20.995+05:30  INFO 14704 --- [auth-service] [           main] com.hms.auth.AuthServiceApplication      : The following 1 profile is active: "dev"
2026-05-15T21:20:22.545+05:30  INFO 14704 --- [auth-service] [           main] .s.d.r.c.RepositoryConfigurationDelegate : Bootstrapping Spring Data JPA repositories in DEFAULT mode.
2026-05-15T21:20:22.746+05:30  INFO 14704 --- [auth-service] [           main] .s.d.r.c.RepositoryConfigurationDelegate : Finished Spring Data repository scanning in 187 ms. Found 1 JPA repository interface.
2026-05-15T21:20:23.195+05:30  INFO 14704 --- [auth-service] [           main] o.s.cloud.context.scope.GenericScope     : BeanFactory id=d7fdf004-2d19-3d14-b141-87066959dd26
2026-05-15T21:20:23.813+05:30  INFO 14704 --- [auth-service] [           main] o.s.b.w.embedded.tomcat.TomcatWebServer  : Tomcat initialized with port 8082 (http)
2026-05-15T21:20:23.828+05:30  INFO 14704 --- [auth-service] [           main] o.apache.catalina.core.StandardService   : Starting service [Tomcat]
2026-05-15T21:20:23.841+05:30  INFO 14704 --- [auth-service] [           main] o.apache.catalina.core.StandardEngine    : Starting Servlet engine: [Apache Tomcat/10.1.41]
2026-05-15T21:20:23.963+05:30  INFO 14704 --- [auth-service] [           main] o.a.c.c.C.[Tomcat].[localhost].[/]       : Initializing Spring embedded WebApplicationContext
2026-05-15T21:20:23.966+05:30  INFO 14704 --- [auth-service] [           main] w.s.c.ServletWebServerApplicationContext : Root WebApplicationContext: initialization completed in 2880 ms
2026-05-15T21:20:24.350+05:30  INFO 14704 --- [auth-service] [           main] o.hibernate.jpa.internal.util.LogHelper  : HHH000204: Processing PersistenceUnitInfo [name: default]
2026-05-15T21:20:24.425+05:30  INFO 14704 --- [auth-service] [           main] org.hibernate.Version                    : HHH000412: Hibernate ORM core version 6.6.15.Final
2026-05-15T21:20:24.472+05:30  INFO 14704 --- [auth-service] [           main] o.h.c.internal.RegionFactoryInitiator    : HHH000026: Second-level cache disabled
2026-05-15T21:20:24.801+05:30  INFO 14704 --- [auth-service] [           main] o.s.o.j.p.SpringPersistenceUnitInfo      : No LoadTimeWeaver setup: ignoring JPA class transformer
2026-05-15T21:20:24.845+05:30  INFO 14704 --- [auth-service] [           main] com.zaxxer.hikari.HikariDataSource       : HikariPool-1 - Starting...
2026-05-15T21:20:25.355+05:30  INFO 14704 --- [auth-service] [           main] com.zaxxer.hikari.pool.HikariPool        : HikariPool-1 - Added connection conn0: url=jdbc:h2:mem:hms_auth user=SA
2026-05-15T21:20:25.390+05:30  INFO 14704 --- [auth-service] [           main] com.zaxxer.hikari.HikariDataSource       : HikariPool-1 - Start completed.
2026-05-15T21:20:25.480+05:30  INFO 14704 --- [auth-service] [           main] org.hibernate.orm.connections.pooling    : HHH10001005: Database info:
	Database JDBC URL [Connecting through datasource 'HikariDataSource (HikariPool-1)']
	Database driver: undefined/unknown
	Database version: 2.3.232
	Autocommit mode: undefined/unknown
	Isolation level: undefined/unknown
	Minimum pool size: undefined/unknown
	Maximum pool size: undefined/unknown
2026-05-15T21:20:26.551+05:30  INFO 14704 --- [auth-service] [           main] o.h.e.t.j.p.i.JtaPlatformInitiator       : HHH000489: No JTA platform available (set 'hibernate.transaction.jta.platform' to enable JTA platform integration)
Hibernate: 
    drop table if exists users cascade 
Hibernate: 
    create table users (
        created_at timestamp(6) with time zone not null,
        id bigint generated by default as identity,
        updated_at timestamp(6) with time zone not null,
        first_name varchar(80) not null,
        last_name varchar(80) not null,
        email varchar(160) not null unique,
        password varchar(255) not null,
        role enum ('ADMIN','DOCTOR','PATIENT') not null,
        primary key (id)
    )
2026-05-15T21:20:26.608+05:30  INFO 14704 --- [auth-service] [           main] j.LocalContainerEntityManagerFactoryBean : Initialized JPA EntityManagerFactory for persistence unit 'default'
2026-05-15T21:20:27.220+05:30  INFO 14704 --- [auth-service] [           main] r$InitializeUserDetailsManagerConfigurer : Global AuthenticationManager configured with UserDetailsService bean with name userDetailsService
2026-05-15T21:20:27.901+05:30  INFO 14704 --- [auth-service] [           main] o.s.b.a.e.web.EndpointLinksResolver      : Exposing 2 endpoints beneath base path '/actuator'
2026-05-15T21:20:28.720+05:30  INFO 14704 --- [auth-service] [           main] DiscoveryClientOptionalArgsConfiguration : Eureka HTTP Client uses RestTemplate.
2026-05-15T21:20:28.806+05:30  WARN 14704 --- [auth-service] [           main] iguration$LoadBalancerCaffeineWarnLogger : Spring Cloud LoadBalancer is currently working with the default cache. While this cache implementation is useful for development and tests, it's recommended to use Caffeine cache in production.You can switch to using Caffeine cache, by adding it and org.springframework.cache.caffeine.CaffeineCacheManager to the classpath.
2026-05-15T21:20:28.892+05:30  INFO 14704 --- [auth-service] [           main] o.s.c.n.eureka.InstanceInfoFactory       : Setting initial instance status as: STARTING
2026-05-15T21:20:28.931+05:30  INFO 14704 --- [auth-service] [           main] com.netflix.discovery.DiscoveryClient    : Initializing Eureka in region us-east-1
2026-05-15T21:20:28.940+05:30  INFO 14704 --- [auth-service] [           main] c.n.d.s.r.aws.ConfigClusterResolver      : Resolving eureka endpoints via configuration
2026-05-15T21:20:28.955+05:30  INFO 14704 --- [auth-service] [           main] com.netflix.discovery.DiscoveryClient    : Disable delta property : false
2026-05-15T21:20:28.956+05:30  INFO 14704 --- [auth-service] [           main] com.netflix.discovery.DiscoveryClient    : Single vip registry refresh property : null
2026-05-15T21:20:28.957+05:30  INFO 14704 --- [auth-service] [           main] com.netflix.discovery.DiscoveryClient    : Force full registry fetch : false
2026-05-15T21:20:28.958+05:30  INFO 14704 --- [auth-service] [           main] com.netflix.discovery.DiscoveryClient    : Application is null : false
2026-05-15T21:20:28.958+05:30  INFO 14704 --- [auth-service] [           main] com.netflix.discovery.DiscoveryClient    : Registered Applications size is zero : true
2026-05-15T21:20:28.959+05:30  INFO 14704 --- [auth-service] [           main] com.netflix.discovery.DiscoveryClient    : Application version is -1: true
2026-05-15T21:20:28.959+05:30  INFO 14704 --- [auth-service] [           main] com.netflix.discovery.DiscoveryClient    : Getting all instance registry info from the eureka server
2026-05-15T21:20:29.453+05:30  INFO 14704 --- [auth-service] [           main] com.netflix.discovery.DiscoveryClient    : The response status is 200
2026-05-15T21:20:29.462+05:30  INFO 14704 --- [auth-service] [           main] com.netflix.discovery.DiscoveryClient    : Starting heartbeat executor: renew interval is: 30
2026-05-15T21:20:29.466+05:30  INFO 14704 --- [auth-service] [           main] c.n.discovery.InstanceInfoReplicator     : InstanceInfoReplicator onDemand update allowed rate per min is 4
2026-05-15T21:20:29.470+05:30  INFO 14704 --- [auth-service] [           main] com.netflix.discovery.DiscoveryClient    : Discovery Client initialized at timestamp 1778860229469 with initial instances count: 1
2026-05-15T21:20:29.477+05:30  INFO 14704 --- [auth-service] [           main] o.s.c.n.e.s.EurekaServiceRegistry        : Registering application AUTH-SERVICE with eureka with status UP
2026-05-15T21:20:29.484+05:30  INFO 14704 --- [auth-service] [           main] com.netflix.discovery.DiscoveryClient    : Saw local status change event StatusChangeEvent [timestamp=1778860229484, current=UP, previous=STARTING]
2026-05-15T21:20:29.492+05:30  INFO 14704 --- [auth-service] [foReplicator-%d] com.netflix.discovery.DiscoveryClient    : DiscoveryClient_AUTH-SERVICE/LAPTOP-1V2CL6RB:auth-service:8082: registering service...
2026-05-15T21:20:29.520+05:30  INFO 14704 --- [auth-service] [           main] o.s.b.w.embedded.tomcat.TomcatWebServer  : Tomcat started on port 8082 (http) with context path '/'
2026-05-15T21:20:29.521+05:30  INFO 14704 --- [auth-service] [           main] .s.c.n.e.s.EurekaAutoServiceRegistration : Updating port to 8082
2026-05-15T21:20:29.552+05:30  INFO 14704 --- [auth-service] [foReplicator-%d] com.netflix.discovery.DiscoveryClient    : DiscoveryClient_AUTH-SERVICE/LAPTOP-1V2CL6RB:auth-service:8082 - registration status: 204
2026-05-15T21:20:29.668+05:30  INFO 14704 --- [auth-service] [           main] com.hms.auth.AuthServiceApplication      : Started AuthServiceApplication in 9.628 seconds (process running for 10.32)
[INFO] ------------------------------------------------------------------------
[INFO] BUILD FAILURE
[INFO] ------------------------------------------------------------------------
[INFO] Total time:  58.415 s
[INFO] Finished at: 2026-05-15T21:21:10+05:30
[INFO] ------------------------------------------------------------------------
[ERROR] Failed to execute goal org.springframework.boot:spring-boot-maven-plugin:3.5.0:run (default-cli) on project auth-service: Process terminated with exit code: 1 -> [Help 1]
[ERROR] 
[ERROR] To see the full stack trace of the errors, re-run Maven with the -e switch.
[ERROR] Re-run Maven using the -X switch to enable full debug logging.
[ERROR] 
[ERROR] For more information about the errors and possible solutions, please read the following articles:
[ERROR] [Help 1] http://cwiki.apache.org/confluence/display/MAVEN/MojoExecutionException
