[INFO] Scanning for projects...
[INFO] 
[INFO] ----------------------< com.hms:discovery-server >----------------------
[INFO] Building discovery-server 0.0.1-SNAPSHOT
[INFO]   from pom.xml
[INFO] --------------------------------[ jar ]---------------------------------
[INFO] 
[INFO] >>> spring-boot:3.5.0:run (default-cli) > test-compile @ discovery-server >>>
[INFO] 
[INFO] --- resources:3.3.1:resources (default-resources) @ discovery-server ---
[INFO] Copying 1 resource from src\main\resources to target\classes
[INFO] Copying 0 resource from src\main\resources to target\classes
[INFO] 
[INFO] --- compiler:3.14.0:compile (default-compile) @ discovery-server ---
[INFO] Nothing to compile - all classes are up to date.
[INFO] 
[INFO] --- resources:3.3.1:testResources (default-testResources) @ discovery-server ---
[INFO] skip non existing resourceDirectory D:\Projects\Healix HMS\discovery-server\src\test\resources
[INFO] 
[INFO] --- compiler:3.14.0:testCompile (default-testCompile) @ discovery-server ---
[INFO] Nothing to compile - all classes are up to date.
[INFO] 
[INFO] <<< spring-boot:3.5.0:run (default-cli) < test-compile @ discovery-server <<<
[INFO] 
[INFO] 
[INFO] --- spring-boot:3.5.0:run (default-cli) @ discovery-server ---
[INFO] Attaching agents: []

  .   ____          _            __ _ _
 /\\ / ___'_ __ _ _(_)_ __  __ _ \ \ \ \
( ( )\___ | '_ | '_| | '_ \/ _` | \ \ \ \
 \\/  ___)| |_)| | | | | || (_| |  ) ) ) )
  '  |____| .__|_| |_|_| |_\__, | / / / /
 =========|_|==============|___/=/_/_/_/

 :: Spring Boot ::                (v3.5.0)

2026-05-15T20:32:34.599+05:30  INFO 17288 --- [discovery-server] [           main] c.h.d.DiscoveryServerApplication         : Starting DiscoveryServerApplication using Java 17.0.19 with PID 17288 (D:\Projects\Healix HMS\discovery-server\target\classes started by zchin in D:\Projects\Healix HMS\discovery-server)
2026-05-15T20:32:34.606+05:30  INFO 17288 --- [discovery-server] [           main] c.h.d.DiscoveryServerApplication         : No active profile set, falling back to 1 default profile: "default"
2026-05-15T20:32:35.771+05:30  INFO 17288 --- [discovery-server] [           main] o.s.cloud.context.scope.GenericScope     : BeanFactory id=11264309-5234-371f-8c8e-d68b734da4b3
2026-05-15T20:32:36.100+05:30  INFO 17288 --- [discovery-server] [           main] o.s.b.w.embedded.tomcat.TomcatWebServer  : Tomcat initialized with port 8761 (http)
2026-05-15T20:32:36.114+05:30  INFO 17288 --- [discovery-server] [           main] o.apache.catalina.core.StandardService   : Starting service [Tomcat]
2026-05-15T20:32:36.199+05:30  INFO 17288 --- [discovery-server] [           main] o.apache.catalina.core.StandardEngine    : Starting Servlet engine: [Apache Tomcat/10.1.41]
2026-05-15T20:32:36.295+05:30  INFO 17288 --- [discovery-server] [           main] o.a.c.c.C.[Tomcat].[localhost].[/]       : Initializing Spring embedded WebApplicationContext
2026-05-15T20:32:36.297+05:30  INFO 17288 --- [discovery-server] [           main] w.s.c.ServletWebServerApplicationContext : Root WebApplicationContext: initialization completed in 1609 ms
2026-05-15T20:32:37.302+05:30  INFO 17288 --- [discovery-server] [           main] c.n.d.provider.DiscoveryJerseyProvider   : Using JSON encoding codec LegacyJacksonJson
2026-05-15T20:32:37.385+05:30  INFO 17288 --- [discovery-server] [           main] c.n.d.provider.DiscoveryJerseyProvider   : Using JSON decoding codec LegacyJacksonJson
2026-05-15T20:32:37.615+05:30  INFO 17288 --- [discovery-server] [           main] c.n.d.provider.DiscoveryJerseyProvider   : Using XML encoding codec XStreamXml
2026-05-15T20:32:37.616+05:30  INFO 17288 --- [discovery-server] [           main] c.n.d.provider.DiscoveryJerseyProvider   : Using XML decoding codec XStreamXml
2026-05-15T20:32:37.804+05:30  INFO 17288 --- [discovery-server] [           main] o.s.v.b.OptionalValidatorFactoryBean     : Failed to set up a Bean Validation provider: jakarta.validation.NoProviderFoundException: Unable to create a Configuration, because no Jakarta Bean Validation provider could be found. Add a provider like Hibernate Validator (RI) to your classpath.
2026-05-15T20:32:38.650+05:30  WARN 17288 --- [discovery-server] [           main] iguration$LoadBalancerCaffeineWarnLogger : Spring Cloud LoadBalancer is currently working with the default cache. While this cache implementation is useful for development and tests, it's recommended to use Caffeine cache in production.You can switch to using Caffeine cache, by adding it and org.springframework.cache.caffeine.CaffeineCacheManager to the classpath.
2026-05-15T20:32:38.672+05:30  INFO 17288 --- [discovery-server] [           main] o.s.c.n.eureka.InstanceInfoFactory       : Setting initial instance status as: STARTING
2026-05-15T20:32:38.774+05:30  INFO 17288 --- [discovery-server] [           main] com.netflix.discovery.DiscoveryClient    : Initializing Eureka in region us-east-1
2026-05-15T20:32:38.775+05:30  INFO 17288 --- [discovery-server] [           main] com.netflix.discovery.DiscoveryClient    : Client configured to neither register nor query for data.
2026-05-15T20:32:38.777+05:30  INFO 17288 --- [discovery-server] [           main] com.netflix.discovery.DiscoveryClient    : Discovery Client initialized at timestamp 1778857358776 with initial instances count: 0
2026-05-15T20:32:38.823+05:30  INFO 17288 --- [discovery-server] [           main] c.n.eureka.DefaultEurekaServerContext    : Initializing ...
2026-05-15T20:32:38.825+05:30  WARN 17288 --- [discovery-server] [           main] c.n.eureka.cluster.PeerEurekaNodes       : The replica size seems to be empty. Check the route 53 DNS Registry
2026-05-15T20:32:38.835+05:30  INFO 17288 --- [discovery-server] [           main] c.n.e.registry.AbstractInstanceRegistry  : Finished initializing remote region registries. All known remote regions: []
2026-05-15T20:32:38.836+05:30  INFO 17288 --- [discovery-server] [           main] c.n.eureka.DefaultEurekaServerContext    : Initialized
2026-05-15T20:32:38.844+05:30  INFO 17288 --- [discovery-server] [           main] o.s.b.a.e.web.EndpointLinksResolver      : Exposing 1 endpoint beneath base path '/actuator'
2026-05-15T20:32:38.892+05:30  INFO 17288 --- [discovery-server] [           main] o.s.c.n.e.s.EurekaServiceRegistry        : Registering application DISCOVERY-SERVER with eureka with status UP
2026-05-15T20:32:38.907+05:30  INFO 17288 --- [discovery-server] [       Thread-9] o.s.c.n.e.server.EurekaServerBootstrap   : isAws returned false
2026-05-15T20:32:38.908+05:30  INFO 17288 --- [discovery-server] [       Thread-9] o.s.c.n.e.server.EurekaServerBootstrap   : Initialized server context
2026-05-15T20:32:38.908+05:30  INFO 17288 --- [discovery-server] [       Thread-9] c.n.e.r.PeerAwareInstanceRegistryImpl    : Got 1 instances from neighboring DS node
2026-05-15T20:32:38.908+05:30  INFO 17288 --- [discovery-server] [       Thread-9] c.n.e.r.PeerAwareInstanceRegistryImpl    : Renew threshold is: 1
2026-05-15T20:32:38.909+05:30  INFO 17288 --- [discovery-server] [       Thread-9] c.n.e.r.PeerAwareInstanceRegistryImpl    : Changing status to UP
2026-05-15T20:32:38.912+05:30  INFO 17288 --- [discovery-server] [       Thread-9] e.s.EurekaServerInitializerConfiguration : Started Eureka Server
2026-05-15T20:32:38.925+05:30  INFO 17288 --- [discovery-server] [           main] o.s.b.w.embedded.tomcat.TomcatWebServer  : Tomcat started on port 8761 (http) with context path '/'
2026-05-15T20:32:38.930+05:30  INFO 17288 --- [discovery-server] [           main] .s.c.n.e.s.EurekaAutoServiceRegistration : Updating port to 8761
2026-05-15T20:32:39.053+05:30  INFO 17288 --- [discovery-server] [           main] c.h.d.DiscoveryServerApplication         : Started DiscoveryServerApplication in 5.307 seconds (process running for 5.897)
2026-05-15T20:32:54.754+05:30  INFO 17288 --- [discovery-server] [nio-8761-exec-1] o.a.c.c.C.[Tomcat].[localhost].[/]       : Initializing Spring DispatcherServlet 'dispatcherServlet'
2026-05-15T20:32:54.755+05:30  INFO 17288 --- [discovery-server] [nio-8761-exec-1] o.s.web.servlet.DispatcherServlet        : Initializing Servlet 'dispatcherServlet'
2026-05-15T20:32:54.756+05:30  INFO 17288 --- [discovery-server] [nio-8761-exec-1] o.s.web.servlet.DispatcherServlet        : Completed initialization in 0 ms
2026-05-15T20:32:54.949+05:30  WARN 17288 --- [discovery-server] [nio-8761-exec-3] c.n.e.registry.AbstractInstanceRegistry  : DS: Registry: lease doesn't exist, registering resource: API-GATEWAY - LAPTOP-1V2CL6RB:api-gateway:8080
2026-05-15T20:32:54.953+05:30  WARN 17288 --- [discovery-server] [nio-8761-exec-3] c.n.eureka.resources.InstanceResource    : Not Found (Renew): API-GATEWAY - LAPTOP-1V2CL6RB:api-gateway:8080
2026-05-15T20:33:25.039+05:30  WARN 17288 --- [discovery-server] [nio-8761-exec-7] c.n.e.registry.AbstractInstanceRegistry  : DS: Registry: lease doesn't exist, registering resource: API-GATEWAY - LAPTOP-1V2CL6RB:api-gateway:8080
2026-05-15T20:33:25.040+05:30  WARN 17288 --- [discovery-server] [nio-8761-exec-7] c.n.eureka.resources.InstanceResource    : Not Found (Renew): API-GATEWAY - LAPTOP-1V2CL6RB:api-gateway:8080
2026-05-15T20:33:30.509+05:30  INFO 17288 --- [discovery-server] [nio-8761-exec-9] c.n.e.registry.AbstractInstanceRegistry  : Registered instance API-GATEWAY/LAPTOP-1V2CL6RB:api-gateway:8081 with status UP (replication=false)
2026-05-15T20:33:38.912+05:30  INFO 17288 --- [discovery-server] [a-EvictionTimer] c.n.e.registry.AbstractInstanceRegistry  : Running the evict task with compensationTime 0ms
2026-05-15T20:33:55.064+05:30  WARN 17288 --- [discovery-server] [nio-8761-exec-1] c.n.e.registry.AbstractInstanceRegistry  : DS: Registry: lease doesn't exist, registering resource: API-GATEWAY - LAPTOP-1V2CL6RB:api-gateway:8080
2026-05-15T20:33:55.064+05:30  WARN 17288 --- [discovery-server] [nio-8761-exec-1] c.n.eureka.resources.InstanceResource    : Not Found (Renew): API-GATEWAY - LAPTOP-1V2CL6RB:api-gateway:8080
2026-05-15T20:34:25.074+05:30  WARN 17288 --- [discovery-server] [nio-8761-exec-5] c.n.e.registry.AbstractInstanceRegistry  : DS: Registry: lease doesn't exist, registering resource: API-GATEWAY - LAPTOP-1V2CL6RB:api-gateway:8080
2026-05-15T20:34:25.075+05:30  WARN 17288 --- [discovery-server] [nio-8761-exec-5] c.n.eureka.resources.InstanceResource    : Not Found (Renew): API-GATEWAY - LAPTOP-1V2CL6RB:api-gateway:8080
2026-05-15T20:34:38.912+05:30  INFO 17288 --- [discovery-server] [a-EvictionTimer] c.n.e.registry.AbstractInstanceRegistry  : Running the evict task with compensationTime 0ms
2026-05-15T20:34:55.086+05:30  WARN 17288 --- [discovery-server] [nio-8761-exec-9] c.n.e.registry.AbstractInstanceRegistry  : DS: Registry: lease doesn't exist, registering resource: API-GATEWAY - LAPTOP-1V2CL6RB:api-gateway:8080
2026-05-15T20:34:55.087+05:30  WARN 17288 --- [discovery-server] [nio-8761-exec-9] c.n.eureka.resources.InstanceResource    : Not Found (Renew): API-GATEWAY - LAPTOP-1V2CL6RB:api-gateway:8080
2026-05-15T20:35:25.108+05:30  WARN 17288 --- [discovery-server] [nio-8761-exec-5] c.n.e.registry.AbstractInstanceRegistry  : DS: Registry: lease doesn't exist, registering resource: API-GATEWAY - LAPTOP-1V2CL6RB:api-gateway:8080
2026-05-15T20:35:25.109+05:30  WARN 17288 --- [discovery-server] [nio-8761-exec-5] c.n.eureka.resources.InstanceResource    : Not Found (Renew): API-GATEWAY - LAPTOP-1V2CL6RB:api-gateway:8080
2026-05-15T20:35:38.913+05:30  INFO 17288 --- [discovery-server] [a-EvictionTimer] c.n.e.registry.AbstractInstanceRegistry  : Running the evict task with compensationTime 0ms
2026-05-15T20:35:55.122+05:30  WARN 17288 --- [discovery-server] [nio-8761-exec-9] c.n.e.registry.AbstractInstanceRegistry  : DS: Registry: lease doesn't exist, registering resource: API-GATEWAY - LAPTOP-1V2CL6RB:api-gateway:8080
2026-05-15T20:35:55.123+05:30  WARN 17288 --- [discovery-server] [nio-8761-exec-9] c.n.eureka.resources.InstanceResource    : Not Found (Renew): API-GATEWAY - LAPTOP-1V2CL6RB:api-gateway:8080
2026-05-15T20:36:17.034+05:30  INFO 17288 --- [discovery-server] [nio-8761-exec-5] c.n.e.registry.AbstractInstanceRegistry  : Registered instance API-GATEWAY/LAPTOP-1V2CL6RB:api-gateway:8081 with status UP (replication=false)
2026-05-15T20:36:25.140+05:30  WARN 17288 --- [discovery-server] [nio-8761-exec-6] c.n.e.registry.AbstractInstanceRegistry  : DS: Registry: lease doesn't exist, registering resource: API-GATEWAY - LAPTOP-1V2CL6RB:api-gateway:8080
2026-05-15T20:36:25.141+05:30  WARN 17288 --- [discovery-server] [nio-8761-exec-6] c.n.eureka.resources.InstanceResource    : Not Found (Renew): API-GATEWAY - LAPTOP-1V2CL6RB:api-gateway:8080
2026-05-15T20:36:38.914+05:30  INFO 17288 --- [discovery-server] [a-EvictionTimer] c.n.e.registry.AbstractInstanceRegistry  : Running the evict task with compensationTime 0ms
2026-05-15T20:36:55.156+05:30  WARN 17288 --- [discovery-server] [io-8761-exec-10] c.n.e.registry.AbstractInstanceRegistry  : DS: Registry: lease doesn't exist, registering resource: API-GATEWAY - LAPTOP-1V2CL6RB:api-gateway:8080
2026-05-15T20:36:55.157+05:30  WARN 17288 --- [discovery-server] [io-8761-exec-10] c.n.eureka.resources.InstanceResource    : Not Found (Renew): API-GATEWAY - LAPTOP-1V2CL6RB:api-gateway:8080
[INFO] ------------------------------------------------------------------------
[INFO] BUILD FAILURE
[INFO] ------------------------------------------------------------------------
[INFO] Total time:  04:46 min
[INFO] Finished at: 2026-05-15T20:37:13+05:30
[INFO] ------------------------------------------------------------------------
[ERROR] Failed to execute goal org.springframework.boot:spring-boot-maven-plugin:3.5.0:run (default-cli) on project discovery-server: Process terminated with exit code: 1 -> [Help 1]
[ERROR] 
[ERROR] To see the full stack trace of the errors, re-run Maven with the -e switch.
[ERROR] Re-run Maven using the -X switch to enable full debug logging.
[ERROR] 
[ERROR] For more information about the errors and possible solutions, please read the following articles:
[ERROR] [Help 1] http://cwiki.apache.org/confluence/display/MAVEN/MojoExecutionException
