[INFO] Scanning for projects...
[INFO] 
[INFO] -----------------------< com.hms:doctor-service >-----------------------
[INFO] Building doctor-service 0.0.1-SNAPSHOT
[INFO]   from pom.xml
[INFO] --------------------------------[ jar ]---------------------------------
[INFO] 
[INFO] >>> spring-boot:3.5.0:run (default-cli) > test-compile @ doctor-service >>>
[INFO] 
[INFO] --- resources:3.3.1:resources (default-resources) @ doctor-service ---
[INFO] Copying 2 resources from src\main\resources to target\classes
[INFO] Copying 0 resource from src\main\resources to target\classes
[INFO] 
[INFO] --- compiler:3.14.0:compile (default-compile) @ doctor-service ---
[INFO] Nothing to compile - all classes are up to date.
[INFO] 
[INFO] --- resources:3.3.1:testResources (default-testResources) @ doctor-service ---
[INFO] skip non existing resourceDirectory D:\Projects\Healix HMS\doctor-service\src\test\resources
[INFO] 
[INFO] --- compiler:3.14.0:testCompile (default-testCompile) @ doctor-service ---
[INFO] No sources to compile
[INFO] 
[INFO] <<< spring-boot:3.5.0:run (default-cli) < test-compile @ doctor-service <<<
[INFO] 
[INFO] 
[INFO] --- spring-boot:3.5.0:run (default-cli) @ doctor-service ---
[INFO] Attaching agents: []

  .   ____          _            __ _ _
 /\\ / ___'_ __ _ _(_)_ __  __ _ \ \ \ \
( ( )\___ | '_ | '_| | '_ \/ _` | \ \ \ \
 \\/  ___)| |_)| | | | | || (_| |  ) ) ) )
  '  |____| .__|_| |_|_| |_\__, | / / / /
 =========|_|==============|___/=/_/_/_/

 :: Spring Boot ::                (v3.5.0)

2026-05-17T01:04:06.853+05:30  INFO 14060 --- [doctor-service] [           main] c.hms.doctor.DoctorServiceApplication    : Starting DoctorServiceApplication using Java 17.0.19 with PID 14060 (D:\Projects\Healix HMS\doctor-service\target\classes started by zchin in D:\Projects\Healix HMS\doctor-service)
2026-05-17T01:04:06.865+05:30  INFO 14060 --- [doctor-service] [           main] c.hms.doctor.DoctorServiceApplication    : The following 1 profile is active: "dev"
2026-05-17T01:04:08.293+05:30  INFO 14060 --- [doctor-service] [           main] .s.d.r.c.RepositoryConfigurationDelegate : Bootstrapping Spring Data JPA repositories in DEFAULT mode.
2026-05-17T01:04:08.480+05:30  INFO 14060 --- [doctor-service] [           main] .s.d.r.c.RepositoryConfigurationDelegate : Finished Spring Data repository scanning in 162 ms. Found 1 JPA repository interface.
2026-05-17T01:04:08.712+05:30  INFO 14060 --- [doctor-service] [           main] o.s.cloud.context.scope.GenericScope     : BeanFactory id=acbe6915-0548-3364-b743-a519395a9933
2026-05-17T01:04:09.380+05:30  INFO 14060 --- [doctor-service] [           main] o.s.b.w.embedded.tomcat.TomcatWebServer  : Tomcat initialized with port 8084 (http)
2026-05-17T01:04:09.419+05:30  INFO 14060 --- [doctor-service] [           main] o.apache.catalina.core.StandardService   : Starting service [Tomcat]
2026-05-17T01:04:09.429+05:30  INFO 14060 --- [doctor-service] [           main] o.apache.catalina.core.StandardEngine    : Starting Servlet engine: [Apache Tomcat/10.1.41]
2026-05-17T01:04:09.589+05:30  INFO 14060 --- [doctor-service] [           main] o.a.c.c.C.[Tomcat].[localhost].[/]       : Initializing Spring embedded WebApplicationContext
2026-05-17T01:04:09.624+05:30  INFO 14060 --- [doctor-service] [           main] w.s.c.ServletWebServerApplicationContext : Root WebApplicationContext: initialization completed in 2685 ms
2026-05-17T01:04:10.339+05:30  INFO 14060 --- [doctor-service] [           main] o.hibernate.jpa.internal.util.LogHelper  : HHH000204: Processing PersistenceUnitInfo [name: default]
2026-05-17T01:04:10.445+05:30  INFO 14060 --- [doctor-service] [           main] org.hibernate.Version                    : HHH000412: Hibernate ORM core version 6.6.15.Final
2026-05-17T01:04:10.538+05:30  INFO 14060 --- [doctor-service] [           main] o.h.c.internal.RegionFactoryInitiator    : HHH000026: Second-level cache disabled
2026-05-17T01:04:10.959+05:30  INFO 14060 --- [doctor-service] [           main] o.s.o.j.p.SpringPersistenceUnitInfo      : No LoadTimeWeaver setup: ignoring JPA class transformer
2026-05-17T01:04:11.066+05:30  INFO 14060 --- [doctor-service] [           main] com.zaxxer.hikari.HikariDataSource       : HikariPool-1 - Starting...
2026-05-17T01:04:11.399+05:30  INFO 14060 --- [doctor-service] [           main] com.zaxxer.hikari.pool.HikariPool        : HikariPool-1 - Added connection conn0: url=jdbc:h2:mem:hms_doctor user=SA
2026-05-17T01:04:11.437+05:30  INFO 14060 --- [doctor-service] [           main] com.zaxxer.hikari.HikariDataSource       : HikariPool-1 - Start completed.
2026-05-17T01:04:11.545+05:30  INFO 14060 --- [doctor-service] [           main] org.hibernate.orm.connections.pooling    : HHH10001005: Database info:
	Database JDBC URL [Connecting through datasource 'HikariDataSource (HikariPool-1)']
	Database driver: undefined/unknown
	Database version: 2.3.232
	Autocommit mode: undefined/unknown
	Isolation level: undefined/unknown
	Minimum pool size: undefined/unknown
	Maximum pool size: undefined/unknown
2026-05-17T01:04:12.616+05:30  INFO 14060 --- [doctor-service] [           main] o.h.e.t.j.p.i.JtaPlatformInitiator       : HHH000489: No JTA platform available (set 'hibernate.transaction.jta.platform' to enable JTA platform integration)
Hibernate: 
    drop table if exists doctors cascade 
Hibernate: 
    create table doctors (
        experience integer not null,
        created_at timestamp(6) with time zone not null,
        id bigint generated by default as identity,
        updated_at timestamp(6) with time zone not null,
        phone varchar(32) not null,
        specialization varchar(80) not null,
        name varchar(120) not null,
        email varchar(160) not null unique,
        availability enum ('AVAILABLE','ON_LEAVE','UNAVAILABLE') not null,
        primary key (id)
    )
Hibernate: 
    create index idx_doctors_specialization 
       on doctors (specialization)
Hibernate: 
    create index idx_doctors_availability 
       on doctors (availability)
2026-05-17T01:04:12.730+05:30  INFO 14060 --- [doctor-service] [           main] j.LocalContainerEntityManagerFactoryBean : Initialized JPA EntityManagerFactory for persistence unit 'default'
2026-05-17T01:04:14.379+05:30  INFO 14060 --- [doctor-service] [           main] DiscoveryClientOptionalArgsConfiguration : Eureka HTTP Client uses RestTemplate.
2026-05-17T01:04:14.470+05:30  WARN 14060 --- [doctor-service] [           main] iguration$LoadBalancerCaffeineWarnLogger : Spring Cloud LoadBalancer is currently working with the default cache. While this cache implementation is useful for development and tests, it's recommended to use Caffeine cache in production.You can switch to using Caffeine cache, by adding it and org.springframework.cache.caffeine.CaffeineCacheManager to the classpath.
2026-05-17T01:04:14.490+05:30  INFO 14060 --- [doctor-service] [           main] o.s.b.a.e.web.EndpointLinksResolver      : Exposing 2 endpoints beneath base path '/actuator'
2026-05-17T01:04:14.608+05:30  INFO 14060 --- [doctor-service] [           main] o.s.c.n.eureka.InstanceInfoFactory       : Setting initial instance status as: STARTING
2026-05-17T01:04:14.667+05:30  INFO 14060 --- [doctor-service] [           main] com.netflix.discovery.DiscoveryClient    : Initializing Eureka in region us-east-1
2026-05-17T01:04:14.686+05:30  INFO 14060 --- [doctor-service] [           main] c.n.d.s.r.aws.ConfigClusterResolver      : Resolving eureka endpoints via configuration
2026-05-17T01:04:14.711+05:30  INFO 14060 --- [doctor-service] [           main] com.netflix.discovery.DiscoveryClient    : Disable delta property : false
2026-05-17T01:04:14.729+05:30  INFO 14060 --- [doctor-service] [           main] com.netflix.discovery.DiscoveryClient    : Single vip registry refresh property : null
2026-05-17T01:04:14.760+05:30  INFO 14060 --- [doctor-service] [           main] com.netflix.discovery.DiscoveryClient    : Force full registry fetch : false
2026-05-17T01:04:14.812+05:30  INFO 14060 --- [doctor-service] [           main] com.netflix.discovery.DiscoveryClient    : Application is null : false
2026-05-17T01:04:14.823+05:30  INFO 14060 --- [doctor-service] [           main] com.netflix.discovery.DiscoveryClient    : Registered Applications size is zero : true
2026-05-17T01:04:14.824+05:30  INFO 14060 --- [doctor-service] [           main] com.netflix.discovery.DiscoveryClient    : Application version is -1: true
2026-05-17T01:04:14.836+05:30  INFO 14060 --- [doctor-service] [           main] com.netflix.discovery.DiscoveryClient    : Getting all instance registry info from the eureka server
2026-05-17T01:04:15.441+05:30  INFO 14060 --- [doctor-service] [           main] com.netflix.discovery.DiscoveryClient    : The response status is 200
2026-05-17T01:04:15.458+05:30  INFO 14060 --- [doctor-service] [           main] com.netflix.discovery.DiscoveryClient    : Starting heartbeat executor: renew interval is: 30
2026-05-17T01:04:15.477+05:30  INFO 14060 --- [doctor-service] [           main] c.n.discovery.InstanceInfoReplicator     : InstanceInfoReplicator onDemand update allowed rate per min is 4
2026-05-17T01:04:15.497+05:30  INFO 14060 --- [doctor-service] [           main] com.netflix.discovery.DiscoveryClient    : Discovery Client initialized at timestamp 1778960055496 with initial instances count: 3
2026-05-17T01:04:15.515+05:30  INFO 14060 --- [doctor-service] [           main] o.s.c.n.e.s.EurekaServiceRegistry        : Registering application DOCTOR-SERVICE with eureka with status UP
2026-05-17T01:04:15.542+05:30  INFO 14060 --- [doctor-service] [           main] com.netflix.discovery.DiscoveryClient    : Saw local status change event StatusChangeEvent [timestamp=1778960055542, current=UP, previous=STARTING]
2026-05-17T01:04:15.579+05:30  INFO 14060 --- [doctor-service] [foReplicator-%d] com.netflix.discovery.DiscoveryClient    : DiscoveryClient_DOCTOR-SERVICE/LAPTOP-1V2CL6RB:doctor-service:8084: registering service...
2026-05-17T01:04:15.614+05:30  INFO 14060 --- [doctor-service] [           main] o.s.b.w.embedded.tomcat.TomcatWebServer  : Tomcat started on port 8084 (http) with context path '/'
2026-05-17T01:04:15.627+05:30  INFO 14060 --- [doctor-service] [           main] .s.c.n.e.s.EurekaAutoServiceRegistration : Updating port to 8084
2026-05-17T01:04:15.649+05:30  INFO 14060 --- [doctor-service] [foReplicator-%d] com.netflix.discovery.DiscoveryClient    : DiscoveryClient_DOCTOR-SERVICE/LAPTOP-1V2CL6RB:doctor-service:8084 - registration status: 204
2026-05-17T01:04:15.794+05:30  INFO 14060 --- [doctor-service] [           main] c.hms.doctor.DoctorServiceApplication    : Started DoctorServiceApplication in 9.888 seconds (process running for 10.54)
2026-05-17T01:05:18.183+05:30  INFO 14060 --- [doctor-service] [nio-8084-exec-2] o.a.c.c.C.[Tomcat].[localhost].[/]       : Initializing Spring DispatcherServlet 'dispatcherServlet'
2026-05-17T01:05:18.196+05:30  INFO 14060 --- [doctor-service] [nio-8084-exec-2] o.s.web.servlet.DispatcherServlet        : Initializing Servlet 'dispatcherServlet'
2026-05-17T01:05:18.206+05:30  INFO 14060 --- [doctor-service] [nio-8084-exec-2] o.s.web.servlet.DispatcherServlet        : Completed initialization in 3 ms
Hibernate: 
    select
        d1_0.id 
    from
        doctors d1_0 
    where
        d1_0.email=? 
    fetch
        first ? rows only
Hibernate: 
    insert 
    into
        doctors
        (availability, created_at, email, experience, name, phone, specialization, updated_at, id) 
    values
        (?, ?, ?, ?, ?, ?, ?, ?, default)
2026-05-17T01:05:18.610+05:30  INFO 14060 --- [doctor-service] [nio-8084-exec-2] com.hms.doctor.service.DoctorService     : Created doctor id=1 name='Dr. Anjali Mehta' specialization='Cardiology'
Hibernate: 
    select
        d1_0.id 
    from
        doctors d1_0 
    where
        d1_0.email=? 
    fetch
        first ? rows only
Hibernate: 
    insert 
    into
        doctors
        (availability, created_at, email, experience, name, phone, specialization, updated_at, id) 
    values
        (?, ?, ?, ?, ?, ?, ?, ?, default)
2026-05-17T01:05:18.709+05:30  INFO 14060 --- [doctor-service] [nio-8084-exec-1] com.hms.doctor.service.DoctorService     : Created doctor id=2 name='Dr. Rohit Khanna' specialization='Neurology'
Hibernate: 
    select
        d1_0.id 
    from
        doctors d1_0 
    where
        d1_0.email=? 
    fetch
        first ? rows only
Hibernate: 
    insert 
    into
        doctors
        (availability, created_at, email, experience, name, phone, specialization, updated_at, id) 
    values
        (?, ?, ?, ?, ?, ?, ?, ?, default)
2026-05-17T01:05:18.750+05:30  INFO 14060 --- [doctor-service] [nio-8084-exec-4] com.hms.doctor.service.DoctorService     : Created doctor id=3 name='Dr. Sara Khan' specialization='Cardiology'
Hibernate: 
    select
        d1_0.id,
        d1_0.availability,
        d1_0.created_at,
        d1_0.email,
        d1_0.experience,
        d1_0.name,
        d1_0.phone,
        d1_0.specialization,
        d1_0.updated_at 
    from
        doctors d1_0 
    order by
        d1_0.id 
    offset
        ? rows 
    fetch
        first ? rows only
2026-05-17T01:05:18.859+05:30  WARN 14060 --- [doctor-service] [nio-8084-exec-3] ration$PageModule$WarningLoggingModifier : Serializing PageImpl instances as-is is not supported, meaning that there is no guarantee about the stability of the resulting JSON structure!
	For a stable JSON structure, please use Spring Data's PagedModel (globally via @EnableSpringDataWebSupport(pageSerializationMode = VIA_DTO))
	or Spring HATEOAS and Spring Data's PagedResourcesAssembler as documented in https://docs.spring.io/spring-data/commons/reference/repositories/core-extensions.html#core.web.pageables.

Hibernate: 
    select
        d1_0.id,
        d1_0.availability,
        d1_0.created_at,
        d1_0.email,
        d1_0.experience,
        d1_0.name,
        d1_0.phone,
        d1_0.specialization,
        d1_0.updated_at 
    from
        doctors d1_0 
    where
        upper(d1_0.specialization)=upper(?) 
        and d1_0.availability=? 
    order by
        d1_0.id 
    fetch
        first ? rows only
Hibernate: 
    select
        d1_0.id,
        d1_0.availability,
        d1_0.created_at,
        d1_0.email,
        d1_0.experience,
        d1_0.name,
        d1_0.phone,
        d1_0.specialization,
        d1_0.updated_at 
    from
        doctors d1_0 
    where
        d1_0.id=?
Hibernate: 
    select
        d1_0.id,
        d1_0.availability,
        d1_0.created_at,
        d1_0.email,
        d1_0.experience,
        d1_0.name,
        d1_0.phone,
        d1_0.specialization,
        d1_0.updated_at 
    from
        doctors d1_0 
    where
        d1_0.id=?
2026-05-17T01:05:19.039+05:30  INFO 14060 --- [doctor-service] [nio-8084-exec-7] com.hms.doctor.service.DoctorService     : Updated doctor id=1
Hibernate: 
    update
        doctors 
    set
        availability=?,
        email=?,
        experience=?,
        name=?,
        phone=?,
        specialization=?,
        updated_at=? 
    where
        id=?
Hibernate: 
    select
        count(*) 
    from
        doctors d1_0 
    where
        d1_0.id=?
Hibernate: 
    select
        d1_0.id,
        d1_0.availability,
        d1_0.created_at,
        d1_0.email,
        d1_0.experience,
        d1_0.name,
        d1_0.phone,
        d1_0.specialization,
        d1_0.updated_at 
    from
        doctors d1_0 
    where
        d1_0.id=?
2026-05-17T01:05:19.670+05:30  INFO 14060 --- [doctor-service] [nio-8084-exec-8] com.hms.doctor.service.DoctorService     : Deleted doctor id=2
Hibernate: 
    delete 
    from
        doctors 
    where
        id=?
Hibernate: 
    select
        d1_0.id,
        d1_0.availability,
        d1_0.created_at,
        d1_0.email,
        d1_0.experience,
        d1_0.name,
        d1_0.phone,
        d1_0.specialization,
        d1_0.updated_at 
    from
        doctors d1_0 
    where
        d1_0.id=?
Hibernate: 
    select
        d1_0.id 
    from
        doctors d1_0 
    where
        d1_0.email=? 
    fetch
        first ? rows only
[INFO] ------------------------------------------------------------------------
[INFO] BUILD FAILURE
[INFO] ------------------------------------------------------------------------
[INFO] Total time:  01:37 min
[INFO] Finished at: 2026-05-17T01:05:31+05:30
[INFO] ------------------------------------------------------------------------
[ERROR] Failed to execute goal org.springframework.boot:spring-boot-maven-plugin:3.5.0:run (default-cli) on project doctor-service: Process terminated with exit code: 1 -> [Help 1]
[ERROR] 
[ERROR] To see the full stack trace of the errors, re-run Maven with the -e switch.
[ERROR] Re-run Maven using the -X switch to enable full debug logging.
[ERROR] 
[ERROR] For more information about the errors and possible solutions, please read the following articles:
[ERROR] [Help 1] http://cwiki.apache.org/confluence/display/MAVEN/MojoExecutionException
